
> sriram-pro@0.1.0 build
> next build

Γû▓ Next.js 16.1.6 (Turbopack)

  Creating an optimized production build ...
node.exe : Error: Cannot apply unknown 
utility class `glass-premium`
At line:1 char:1
+ & "C:\Program Files\nodejs/node.exe" 
"C:\Program Files\nodejs/node_mo ...
+ ~~~~~~~~~~~~~~~~~~~~~~~~~~~~~~~~~~~~~~~
~~~~~~~~~~~~~~~~~~~~~~~~~~~~~~
    + CategoryInfo          : NotSpecifi 
   ed: (Error: Cannot a...`glass-premiu  
  m`:String) [], RemoteException
    + FullyQualifiedErrorId : NativeComm 
   andError
 
    [2m[at onInvalidCandidate (C:\Users\
sriram\Downloads\sriram-pro\node_modules\
tailwindcss\dist\lib.js:21:1511)][0m
    [2m[at Ee (C:\Users\sriram\Downloads
\sriram-pro\node_modules\tailwindcss\dist
\lib.js:16:36740)][0m
    [2m[at C:\Users\sriram\Downloads\sri
ram-pro\node_modules\tailwindcss\dist\lib
.js:21:355][0m
    [2m[at Pr (C:\Users\sriram\Downloads
\sriram-pro\node_modules\tailwindcss\dist
\lib.js:3:1733)][0m
    [2m[at _ (C:\Users\sriram\Downloads\
sriram-pro\node_modules\tailwindcss\dist\
lib.js:3:1377)][0m
    [2m[at Te (C:\Users\sriram\Downloads
\sriram-pro\node_modules\tailwindcss\dist
\lib.js:21:172)][0m
    [2m[at pn (C:\Users\sriram\Downloads
\sriram-pro\node_modules\tailwindcss\dist
\lib.js:38:294)][0m
    [2m[at async dn (C:\Users\sriram\Dow
nloads\sriram-pro\node_modules\tailwindcs
s\dist\lib.js:38:631)][0m
    [2m[at async Xr (C:\Users\sriram\Dow
nloads\sriram-pro\node_modules\@tailwindc
ss\node\dist\index.js:10:3417)][0m
    [2m[at async N (C:\Users\sriram\Down
loads\sriram-pro\node_modules\@tailwindcs
s\postcss\dist\index.js:10:3979)][0m

> Build error occurred
Error: Turbopack build failed with 1 
errors:
./src/app/globals.css
Error evaluating Node.js code
CssSyntaxError: tailwindcss: C:\Users\sri
ram\Downloads\sriram-pro\src\app\globals.
css:1:1: Cannot apply unknown utility 
class `glass-premium`
    at Input.error (node_modules/postcss/
lib/input.js:135:16) [C:\Users\sriram\Dow
nloads\sriram-pro\.next\build\chunks\node
_modules_fe693df6._.js:4651:22]
    at Root.error (node_modules/postcss/l
ib/node.js:146:32) [C:\Users\sriram\Downl
oads\sriram-pro\.next\build\chunks\node_m
odules_fe693df6._.js:928:38]
    [at Object.Once (C:\Users\sriram\Down
loads\sriram-pro\node_modules\@tailwindcs
s\postcss\dist\index.js:10:6913)]
    at async LazyResult.runAsync (node_mo
dules/postcss/lib/lazy-result.js:293:11) 
[C:\Users\sriram\Downloads\sriram-pro\.ne
xt\build\chunks\node_modules_fe693df6._.j
s:6214:21]
    at async transform (turbopack:///[tur
bopack-node]/transforms/postcss.ts:70:34)
 [C:\Users\sriram\Downloads\sriram-pro\.n
ext\build\chunks\[root-of-the-server]__51
225daf._.js:146:36]
    at async run (turbopack:///[turbopack
-node]/ipc/evaluate.ts:92:23) [C:\Users\s
riram\Downloads\sriram-pro\.next\build\ch
unks\[root-of-the-server]__974941ed._.js:
443:31]

Import trace:
  Client Component Browser:
    ./src/app/globals.css [Client 
Component Browser]
    ./src/app/layout.tsx [Server 
Component]


    at async transform (turbopack:///[tur
bopack-node]/transforms/postcss.ts:70:34)
 [C:\Users\sriram\Downloads\sriram-pro\.n
ext\build\chunks\[root-of-the-server]__51
225daf._.js:146:36])
    at async run (turbopack:///[turbopack
-node]/ipc/evaluate.ts:92:23) [C:\Users\s
riram\Downloads\sriram-pro\.next\build\ch
unks\[root-of-the-server]__974941ed._.js:
443:31])
